// Jest Snapshot v1, https://goo.gl/fbAQLP

exports[`<PolicyCard /> renders correctly 1`] = `
<div>
  <div
    className="mobile-card"
  >
    <div
      className="featured-policy-card"
    >
      <div
        className="content"
      >
        <div
          className="top-2 top-4"
        />
        <div
          className="premium"
        >
          <div
            className="value"
          >
            <p
              className="primary-3 value-small type-a-6-bold inherit"
            >
              $
            </p>
            <p
              className="primary-3 value-dollars type-a-2-bold inherit"
            >
              19
            </p>
            <p
              className="primary-3 value-small type-a-6-bold inherit"
            >
              .
              80
            </p>
            <span
              className="neutral-2 spaced value-format type-a-11-bold inherit"
            >
              /MO
            </span>
          </div>
          <div
            className="top-1"
          />
        </div>
        <div
          className="top-6"
        />
        <div
          className="carrier-logo"
        >
          <div />
        </div>
        <div
          className="top-6"
        />
        <div
          className="policy-info"
        >
          <div>
            <div
              className="layout policy-info-item"
            >
              <div
                className="col col-sm-6 fullwidth border-neutral-6 policy-info-tooltip-group"
              >
                <span>
                  <span
                    className="tooltip-wrapper policy-info-tooltip-icon"
                    onClick={[Function]}
                  >
                    <span
                      className="primary-3 policy-info-tooltip-label type-b-10-medium inherit"
                    >
                      label
                    </span>
                    <span
                      className="hover-message"
                    >
                      <div />
                    </span>
                  </span>
                </span>
              </div>
              <div
                className="col col-sm-6 border-neutral-6"
              >
                <strong
                  className="primary-3 type-a-8-bold inherit"
                >
                  Some policy
                </strong>
              </div>
            </div>
            <div
              className="top-2"
            />
          </div>
          <div>
            <div
              className="layout policy-info-item"
            >
              <div
                className="col col-sm-6 fullwidth border-neutral-6 policy-info-tooltip-group"
              >
                <span>
                  <span
                    className="tooltip-wrapper policy-info-tooltip-icon"
                    onClick={[Function]}
                  >
                    <span
                      className="primary-3 policy-info-tooltip-label type-b-10-medium inherit"
                    >
                      label
                    </span>
                    <span
                      className="hover-message"
                    >
                      <div />
                    </span>
                  </span>
                </span>
              </div>
              <div
                className="col col-sm-6 border-neutral-6"
              >
                <strong
                  className="primary-3 type-a-8-bold inherit"
                >
                  A+
                </strong>
              </div>
            </div>
            <div
              className="top-2"
            />
          </div>
          <div
            className="size-36"
          />
        </div>
        <div
          className="button-group"
        >
          <button
            className="button"
            onClick={[Function]}
            type="button"
          >
            Continue
          </button>
          <div>
            <a
              className="link neutral-1 details-link"
              onClick={[Function]}
            >
              Details
            </a>
          </div>
          <div>
            <div
              className="top-2"
            />
            <button
              className="button outline"
              onClick={[Function]}
              type="button"
            >
              Compare
            </button>
          </div>
        </div>
      </div>
    </div>
  </div>
  <div
    className="policy-card"
  >
    <div
      className="body"
    >
      <div
        className="hide compare mobile"
      >
        <div
          className="checkbox-wrapper"
          id="undefined-checkbox-wrapper"
          onClick={[Function]}
        >
          <p
            className="neutral-2 spaced type-a-11-bold inherit"
          >
            COMPARE
          </p>
          <div
            className="top-1"
          />
          <label
            className="checkbox"
            htmlFor="checkbox-undefined"
          >
            <input
              className="checkbox-input"
              id="checkbox-undefined"
              type="checkbox"
            />
            <span
              className="checkbox-label"
            />
          </label>
        </div>
      </div>
      <div
        className="divider"
      />
      <div
        className="carrier-logo"
      >
        <div />
      </div>
      <div
        className="divider"
      />
      <div
        className="policy-type"
      >
        <span>
          <span
            className="tooltip-wrapper policy-type-tooltip"
            onClick={[Function]}
          >
            <div>
              <div
                className="hide mobile"
              >
                <p
                  className="neutral-2 spaced type-a-11-bold inherit"
                >
                  LABEL
                </p>
              </div>
              <strong
                className="primary-3 policy-name type-a-7-bold inherit"
              >
                Some policy
              </strong>
              <strong
                className="bold neutral-2 policy-tooltip type-b-7-medium inherit"
              >
                <div />
              </strong>
            </div>
            <span
              className="hover-message policy-type-hover-message"
            >
              <div />
            </span>
          </span>
        </span>
      </div>
      <div
        className="divider"
      />
      <div
        className="hide policy-info mobile tablet"
      >
        <span>
          <span
            className="tooltip-wrapper policy-info-tooltip"
            onClick={[Function]}
          >
            <p
              className="neutral-2 spaced type-a-11-bold inherit"
            >
              <div
                className="layout"
              >
                <div
                  className="col col-sm-7 fullwidth border-neutral-6"
                >
                  <div
                    className="policy-info-label"
                  >
                    LABEL
                  </div>
                </div>
                <div
                  className="col col-sm-5 fullwidth border-neutral-6"
                >
                  <strong
                    className="primary-3 type-a-8-bold inherit"
                  >
                    A+
                  </strong>
                </div>
              </div>
            </p>
            <span
              className="hover-message policy-type-hover-message"
            >
              <div />
            </span>
          </span>
        </span>
        <span>
          <span
            className="tooltip-wrapper policy-info-tooltip"
            onClick={[Function]}
          >
            <p
              className="neutral-2 spaced type-a-11-bold inherit"
            >
              <div
                className="layout"
              >
                <div
                  className="col col-sm-7 fullwidth border-neutral-6"
                >
                  <div
                    className="policy-info-label"
                  >
                    LABEL
                  </div>
                </div>
                <div
                  className="col col-sm-5 fullwidth border-neutral-6"
                >
                  <strong
                    className="primary-3 type-a-8-bold inherit"
                  >
                    A+
                  </strong>
                </div>
              </div>
            </p>
            <span
              className="hover-message policy-type-hover-message"
            >
              <div />
            </span>
          </span>
        </span>
        <span>
          <span
            className="tooltip-wrapper policy-info-tooltip"
            onClick={[Function]}
          >
            <p
              className="neutral-2 spaced type-a-11-bold inherit"
            >
              <div
                className="layout"
              >
                <div
                  className="col col-sm-7 fullwidth border-neutral-6"
                >
                  <div
                    className="policy-info-label"
                  >
                    LABEL
                  </div>
                </div>
                <div
                  className="col col-sm-5 fullwidth border-neutral-6"
                >
                  <strong
                    className="primary-3 type-a-8-bold inherit"
                  >
                    16
                  </strong>
                </div>
              </div>
            </p>
            <span
              className="hover-message policy-type-hover-message"
            >
              <div />
            </span>
          </span>
        </span>
      </div>
      <div
        className="divider info-divider"
      />
      <div
        className="actions"
      >
        <div>
          <p
            className="neutral-2 type-a-11-bold inherit"
          >
            <span
              className="primary-3 type-a-4-bold inherit"
            >
              $19.80
            </span>
            /
            MO
          </p>
        </div>
        <div
          className="top-3"
        />
        <div
          className="layout"
          style={
            Object {
              "width": "100%",
            }
          }
        >
          <div
            className="col col-sm-12 border-neutral-6"
          >
            <button
              className="button view-policy"
              onClick={[Function]}
              type="button"
            >
              Continue
            </button>
          </div>
          <div
            className="col col-sm-12 border-neutral-6"
          >
            <div
              className="hide tablet desktop"
            >
              <button
                className="button"
                onClick={[Function]}
                type="button"
              >
                Compare
              </button>
            </div>
          </div>
        </div>
      </div>
    </div>
  </div>
</div>
`;
