// Jest Snapshot v1, https://goo.gl/fbAQLP

exports[`<SelectProductModal /> renders correctly 1`] = `<noscript />`;
