// Jest Snapshot v1, https://goo.gl/fbAQLP

exports[`<SliderField /> renders correctly 1`] = `
<div
  className="slider-field"
>
  <div
    className="rc-slider"
    onBlur={[Function]}
    onFocus={[Function]}
    onKeyDown={[Function]}
    onMouseDown={[Function]}
    onMouseUp={[Function]}
    onTouchStart={[Function]}
  >
    <div
      className="rc-slider-rail"
      style={Object {}}
    />
    <div
      className="rc-slider-track"
      style={
        Object {
          "left": "0%",
          "visibility": "visible",
          "width": "25%",
        }
      }
    />
    <div
      className="rc-slider-step"
    />
    <div
      aria-disabled={false}
      aria-valuemax={4}
      aria-valuemin={0}
      aria-valuenow={1}
      className="rc-slider-handle"
      role="slider"
      style={
        Object {
          "left": "25%",
        }
      }
      tabIndex={0}
    />
    <div
      className="rc-slider-mark"
    />
  </div>
</div>
`;
